// Jest Snapshot v1, https://goo.gl/fbAQLP

exports[`BeerContainer renders snapshots 1`] = `ShallowWrapper {}`;
