// Jest Snapshot v1, https://goo.gl/fbAQLP

exports[`App snapshot renders 1`] = `
<div
  className="container"
>
  <div
    className=" item "
  >
    <div
      className="data"
    >
       
      Beer 1 (Pilsner)
    </div>
    <div
      className="data"
    >
      
    </div>
  </div>
  <div
    className=" item "
  >
    <div
      className="data"
    >
       
      Beer 2 (IPA)
    </div>
    <div
      className="data"
    >
      
    </div>
  </div>
  <div
    className=" item "
  >
    <div
      className="data"
    >
       
      Beer 3 (Lager)
    </div>
    <div
      className="data"
    >
      
    </div>
  </div>
  <div
    className=" item "
  >
    <div
      className="data"
    >
       
      Beer 4 (Stout)
    </div>
    <div
      className="data"
    >
      
    </div>
  </div>
  <div
    className=" item "
  >
    <div
      className="data"
    >
       
      Beer 5 (Wheat beer)
    </div>
    <div
      className="data"
    >
      
    </div>
  </div>
  <div
    className=" item "
  >
    <div
      className="data"
    >
       
      Beer 6 (Pale Ale)
    </div>
    <div
      className="data"
    >
      
    </div>
  </div>
</div>
`;
